 1 __init__
10 v2_on_any
 1 v2_playbook_on_play_start
 1 v2_playbook_on_start
 1 v2_playbook_on_stats
 2 v2_playbook_on_task_start
 1 v2_playbook_on_terminated_early
 1 v2_runner_on_failed
 1 v2_runner_on_ok
 2 v2_runner_on_start
